.\gradlew : WARNING: A restricted method in java.lang.System has been called
所在位置 行:1 字符: 5
+ & { .\gradlew compileJava --no-daemon 2>&1 | Out-File -FilePath compi ...
+     ~~~~~~~~~~~~~~~~~~~~~~~~~~~~~~~~~~~~~~
    + CategoryInfo          : NotSpecified: (WARNING: A rest...has been called 
   :String) [], RemoteException
    + FullyQualifiedErrorId : NativeCommandError
 
WARNING: java.lang.System::load has been called by net.rubygrapefruit.platform.
internal.NativeLibraryLoader in an unnamed module (file:/C:/Users/admin/.gradle
/wrapper/dists/gradle-8.5-bin/5hry6tgzq0wontdz18qo6fdj9/gradle-8.5/lib/native-p
latform-0.22-milestone-25.jar)
WARNING: Use --enable-native-access=ALL-UNNAMED to avoid a warning for callers 
in this module
WARNING: Restricted methods will be blocked in a future release unless native a
ccess is enabled

To honour the JVM settings for this build a single-use Daemon process will be forked. For more on this, please refer to https://docs.gradle.org/8.5/userguide/gradle_daemon.html#sec:disabling_the_daemon in the Gradle documentation.
Daemon will be stopped at the end of the build 
> Task :extractDependencyATs UP-TO-DATE
> Task :generateForgeSrgMappings SKIPPED
> Task :downloadVanillaJars SKIPPED
> Task :mergeVanillaSidedJars SKIPPED
> Task :deobfuscateMergedJarToSrg SKIPPED
> Task :downloadFernflower SKIPPED
> Task :decompileSrgJar SKIPPED
> Task :cleanupDecompSrgJar SKIPPED
> Task :patchDecompiledJar SKIPPED
> Task :remapDecompiledJar SKIPPED
